Archive member included because of file (symbol)

/usr/lib/gcc/avr/4.5.0/avr51/libgcc.a(_udivmodhi4.o)
                              adc.o (__udivmodhi4)
/usr/lib/gcc/avr/4.5.0/avr51/libgcc.a(_exit.o)
                              /usr/lib/gcc/avr/4.5.0/../../../../avr/lib/avr51/crtusb1286.o (exit)
/usr/lib/gcc/avr/4.5.0/avr51/libgcc.a(_copy_data.o)
                              obj/main.o (__do_copy_data)
/usr/lib/gcc/avr/4.5.0/avr51/libgcc.a(_clear_bss.o)
                              obj/main.o (__do_clear_bss)

Discarded input sections

 .data          0x00000000        0x0 /usr/lib/gcc/avr/4.5.0/../../../../avr/lib/avr51/crtusb1286.o
 .bss           0x00000000        0x0 /usr/lib/gcc/avr/4.5.0/../../../../avr/lib/avr51/crtusb1286.o
 .text          0x00000000        0x0 obj/main.o
 .bss           0x00000000        0x0 obj/main.o
 .text.check_TIMER0
                0x00000000        0xa obj/main.o
 .text.set_TIMER0
                0x00000000        0x6 obj/main.o
 .text.blue_screen
                0x00000000        0x2 obj/main.o
 .text          0x00000000        0x0 usart.o
 .data          0x00000000        0x0 usart.o
 .bss           0x00000000        0x0 usart.o
 .text.USART_available
                0x00000000        0x8 usart.o
 .text.USART_receive
                0x00000000        0xe usart.o
 .text          0x00000000        0x0 adc.o
 .data          0x00000000        0x0 adc.o
 .bss           0x00000000        0x0 adc.o
 .text.ADC_set_channel
                0x00000000       0x14 adc.o
 .text.ADC_set_adjust
                0x00000000       0x18 adc.o
 .text.ADC_enable_interrupt
                0x00000000        0xc adc.o
 .text.ADC_disable_interrupt
                0x00000000        0xc adc.o
 .text.ADC_disable
                0x00000000        0xc adc.o
 .text.read_ADC
                0x00000000       0x24 adc.o
 .text.read_ADC_averaged
                0x00000000       0x4a adc.o
 .text.read_precise_ADC
                0x00000000       0x26 adc.o
 .text.read_precise_ADC_averaged
                0x00000000       0x4a adc.o
 .text          0x00000000        0x0 diskio.o
 .data          0x00000000        0x1 diskio.o
 .bss           0x00000000        0x4 diskio.o
 .text.rcvr_spi
                0x00000000       0x12 diskio.o
 .text.wait_ready
                0x00000000       0x28 diskio.o
 .text.deselect
                0x00000000        0x8 diskio.o
 .text.select   0x00000000       0x1c diskio.o
 .text.rcvr_datablock
                0x00000000       0x82 diskio.o
 .text.xmit_datablock
                0x00000000       0x9a diskio.o
 .text.send_cmd
                0x00000000       0xe6 diskio.o
 .text.disk_initialize
                0x00000000      0x17e diskio.o
 .text.disk_status
                0x00000000        0xe diskio.o
 .text.disk_read
                0x00000000       0xa4 diskio.o
 .text.disk_write
                0x00000000       0xe0 diskio.o
 .text.disk_ioctl
                0x00000000      0x308 diskio.o
 .text.disk_timerproc
                0x00000000       0x4a diskio.o
 .text.get_fattime
                0x00000000        0xa diskio.o
 .text          0x00000000        0x0 leds.o
 .data          0x00000000        0x0 leds.o
 .bss           0x00000000        0x0 leds.o
 .text.set_array_green
                0x00000000       0x26 leds.o
 .text.set_array_blue
                0x00000000       0x26 leds.o
 .text.set_array_red
                0x00000000       0x26 leds.o
 .text.update_row
                0x00000000       0x1e leds.o
 .text.led_red  0x00000000       0x26 leds.o
 .text.led_green
                0x00000000       0x28 leds.o
 .text.led_blue
                0x00000000       0x26 leds.o
 .text.led_off  0x00000000        0xc leds.o
 .text          0x00000000        0x0 /usr/lib/gcc/avr/4.5.0/avr51/libgcc.a(_udivmodhi4.o)
 .data          0x00000000        0x0 /usr/lib/gcc/avr/4.5.0/avr51/libgcc.a(_udivmodhi4.o)
 .bss           0x00000000        0x0 /usr/lib/gcc/avr/4.5.0/avr51/libgcc.a(_udivmodhi4.o)
 .text.libgcc   0x00000000       0x28 /usr/lib/gcc/avr/4.5.0/avr51/libgcc.a(_udivmodhi4.o)
 .text          0x00000000        0x0 /usr/lib/gcc/avr/4.5.0/avr51/libgcc.a(_exit.o)
 .data          0x00000000        0x0 /usr/lib/gcc/avr/4.5.0/avr51/libgcc.a(_exit.o)
 .bss           0x00000000        0x0 /usr/lib/gcc/avr/4.5.0/avr51/libgcc.a(_exit.o)
 .text.libgcc   0x00000000        0x0 /usr/lib/gcc/avr/4.5.0/avr51/libgcc.a(_exit.o)
 .text          0x00000000        0x0 /usr/lib/gcc/avr/4.5.0/avr51/libgcc.a(_copy_data.o)
 .data          0x00000000        0x0 /usr/lib/gcc/avr/4.5.0/avr51/libgcc.a(_copy_data.o)
 .bss           0x00000000        0x0 /usr/lib/gcc/avr/4.5.0/avr51/libgcc.a(_copy_data.o)
 .text.libgcc   0x00000000        0x0 /usr/lib/gcc/avr/4.5.0/avr51/libgcc.a(_copy_data.o)
 .text          0x00000000        0x0 /usr/lib/gcc/avr/4.5.0/avr51/libgcc.a(_clear_bss.o)
 .data          0x00000000        0x0 /usr/lib/gcc/avr/4.5.0/avr51/libgcc.a(_clear_bss.o)
 .bss           0x00000000        0x0 /usr/lib/gcc/avr/4.5.0/avr51/libgcc.a(_clear_bss.o)
 .text.libgcc   0x00000000        0x0 /usr/lib/gcc/avr/4.5.0/avr51/libgcc.a(_clear_bss.o)

Memory Configuration

Name             Origin             Length             Attributes
text             0x00000000         0x00020000         xr
data             0x00800100         0x0000ff00         rw !x
eeprom           0x00810000         0x00010000         rw !x
*default*        0x00000000         0xffffffff

Linker script and memory map

Address of section .data set to 0x800100
LOAD /usr/lib/gcc/avr/4.5.0/../../../../avr/lib/avr51/crtusb1286.o
LOAD obj/main.o
LOAD usart.o
LOAD adc.o
LOAD diskio.o
LOAD leds.o
LOAD /usr/lib/gcc/avr/4.5.0/../../../../avr/lib/avr51/libm.a
LOAD /usr/lib/gcc/avr/4.5.0/avr51/libgcc.a
LOAD /usr/lib/gcc/avr/4.5.0/../../../../avr/lib/avr51/libc.a
LOAD /usr/lib/gcc/avr/4.5.0/avr51/libgcc.a

.hash
 *(.hash)

.dynsym
 *(.dynsym)

.dynstr
 *(.dynstr)

.gnu.version
 *(.gnu.version)

.gnu.version_d
 *(.gnu.version_d)

.gnu.version_r
 *(.gnu.version_r)

.rel.init
 *(.rel.init)

.rela.init
 *(.rela.init)

.rel.text
 *(.rel.text)
 *(.rel.text.*)
 *(.rel.gnu.linkonce.t*)

.rela.text
 *(.rela.text)
 *(.rela.text.*)
 *(.rela.gnu.linkonce.t*)

.rel.fini
 *(.rel.fini)

.rela.fini
 *(.rela.fini)

.rel.rodata
 *(.rel.rodata)
 *(.rel.rodata.*)
 *(.rel.gnu.linkonce.r*)

.rela.rodata
 *(.rela.rodata)
 *(.rela.rodata.*)
 *(.rela.gnu.linkonce.r*)

.rel.data
 *(.rel.data)
 *(.rel.data.*)
 *(.rel.gnu.linkonce.d*)

.rela.data
 *(.rela.data)
 *(.rela.data.*)
 *(.rela.gnu.linkonce.d*)

.rel.ctors
 *(.rel.ctors)

.rela.ctors
 *(.rela.ctors)

.rel.dtors
 *(.rel.dtors)

.rela.dtors
 *(.rela.dtors)

.rel.got
 *(.rel.got)

.rela.got
 *(.rela.got)

.rel.bss
 *(.rel.bss)

.rela.bss
 *(.rela.bss)

.rel.plt
 *(.rel.plt)

.rela.plt
 *(.rela.plt)

.text           0x00000000      0x2ac
 *(.vectors)
 .vectors       0x00000000       0x98 /usr/lib/gcc/avr/4.5.0/../../../../avr/lib/avr51/crtusb1286.o
                0x00000000                __vectors
                0x00000000                __vector_default
 *(.vectors)
 *(.progmem.gcc*)
 *(.progmem*)
                0x00000098                . = ALIGN (0x2)
                0x00000098                __trampolines_start = .
 *(.trampolines)
 .trampolines   0x00000098        0x0 linker stubs
 *(.trampolines*)
                0x00000098                __trampolines_end = .
 *(.jumptables)
 *(.jumptables*)
 *(.lowtext)
 *(.lowtext*)
                0x00000098                __ctors_start = .
 *(.ctors)
                0x00000098                __ctors_end = .
                0x00000098                __dtors_start = .
 *(.dtors)
                0x00000098                __dtors_end = .
 SORT(*)(.ctors)
 SORT(*)(.dtors)
 *(.init0)
 .init0         0x00000098        0x0 /usr/lib/gcc/avr/4.5.0/../../../../avr/lib/avr51/crtusb1286.o
                0x00000098                __init
 *(.init0)
 *(.init1)
 *(.init1)
 *(.init2)
 .init2         0x00000098        0xc /usr/lib/gcc/avr/4.5.0/../../../../avr/lib/avr51/crtusb1286.o
 *(.init2)
 *(.init3)
 *(.init3)
 *(.init4)
 .init4         0x000000a4       0x1a /usr/lib/gcc/avr/4.5.0/avr51/libgcc.a(_copy_data.o)
                0x000000a4                __do_copy_data
 .init4         0x000000be       0x10 /usr/lib/gcc/avr/4.5.0/avr51/libgcc.a(_clear_bss.o)
                0x000000be                __do_clear_bss
 *(.init4)
 *(.init5)
 *(.init5)
 *(.init6)
 *(.init6)
 *(.init7)
 *(.init7)
 *(.init8)
 *(.init8)
 *(.init9)
 .init9         0x000000ce        0x4 /usr/lib/gcc/avr/4.5.0/../../../../avr/lib/avr51/crtusb1286.o
 *(.init9)
 *(.text)
 .text          0x000000d2        0x2 /usr/lib/gcc/avr/4.5.0/../../../../avr/lib/avr51/crtusb1286.o
                0x000000d2                __vector_22
                0x000000d2                __vector_28
                0x000000d2                __vector_1
                0x000000d2                __vector_32
                0x000000d2                __vector_34
                0x000000d2                __vector_24
                0x000000d2                __vector_12
                0x000000d2                __bad_interrupt
                0x000000d2                __vector_6
                0x000000d2                __vector_31
                0x000000d2                __vector_35
                0x000000d2                __vector_3
                0x000000d2                __vector_23
                0x000000d2                __vector_30
                0x000000d2                __vector_25
                0x000000d2                __vector_11
                0x000000d2                __vector_13
                0x000000d2                __vector_19
                0x000000d2                __vector_7
                0x000000d2                __vector_27
                0x000000d2                __vector_5
                0x000000d2                __vector_33
                0x000000d2                __vector_37
                0x000000d2                __vector_4
                0x000000d2                __vector_9
                0x000000d2                __vector_2
                0x000000d2                __vector_21
                0x000000d2                __vector_15
                0x000000d2                __vector_36
                0x000000d2                __vector_29
                0x000000d2                __vector_8
                0x000000d2                __vector_26
                0x000000d2                __vector_14
                0x000000d2                __vector_10
                0x000000d2                __vector_16
                0x000000d2                __vector_18
                0x000000d2                __vector_20
                0x000000d4                . = ALIGN (0x2)
 *(.text.*)
 .text.initialize
                0x000000d4       0x80 obj/main.o
                0x000000d4                initialize
 .text.initialize_TIMER0
                0x00000154       0x28 obj/main.o
                0x00000154                initialize_TIMER0
 .text.__vector_17
                0x0000017c       0x1e obj/main.o
                0x0000017c                __vector_17
 .text.main     0x0000019a        0xc obj/main.o
                0x0000019a                main
 .text.USART_init
                0x000001a6       0x16 usart.o
                0x000001a6                USART_init
 .text.USART_transmit
                0x000001bc        0xe usart.o
                0x000001bc                USART_transmit
 .text.USART_send_string
                0x000001ca       0x26 usart.o
                0x000001ca                USART_send_string
 .text.ADC_set_prescaler
                0x000001f0       0x14 adc.o
                0x000001f0                ADC_set_prescaler
 .text.ADC_set_free_running
                0x00000204       0x36 adc.o
                0x00000204                ADC_set_free_running
 .text.ADC_enable
                0x0000023a        0xc adc.o
                0x0000023a                ADC_enable
 .text.ADC_start
                0x00000246        0xc adc.o
                0x00000246                ADC_start
 .text.ADC_finish
                0x00000252        0xc adc.o
                0x00000252                ADC_finish
 .text.ADC_done
                0x0000025e        0xc adc.o
                0x0000025e                ADC_done
 .text.ADC_set_reference
                0x0000026a       0x20 adc.o
                0x0000026a                ADC_set_reference
 .text.setup_ADC
                0x0000028a       0x1c adc.o
                0x0000028a                setup_ADC
 .text.clear_array
                0x000002a6        0x2 leds.o
                0x000002a6                clear_array
                0x000002a8                . = ALIGN (0x2)
 *(.fini9)
 .fini9         0x000002a8        0x0 /usr/lib/gcc/avr/4.5.0/avr51/libgcc.a(_exit.o)
                0x000002a8                exit
                0x000002a8                _exit
 *(.fini9)
 *(.fini8)
 *(.fini8)
 *(.fini7)
 *(.fini7)
 *(.fini6)
 *(.fini6)
 *(.fini5)
 *(.fini5)
 *(.fini4)
 *(.fini4)
 *(.fini3)
 *(.fini3)
 *(.fini2)
 *(.fini2)
 *(.fini1)
 *(.fini1)
 *(.fini0)
 .fini0         0x000002a8        0x4 /usr/lib/gcc/avr/4.5.0/avr51/libgcc.a(_exit.o)
 *(.fini0)
                0x000002ac                _etext = .

.data           0x00800100       0xb4 load address 0x000002ac
                0x00800100                PROVIDE (__data_start, .)
 *(.data)
 .data          0x00800100       0xb4 obj/main.o
 *(.data*)
 *(.rodata)
 *(.rodata*)
 *(.gnu.linkonce.d*)
                0x008001b4                . = ALIGN (0x2)
                0x008001b4                _edata = .
                0x008001b4                PROVIDE (__data_end, .)

.bss            0x008001b4        0x0
                0x008001b4                PROVIDE (__bss_start, .)
 *(.bss)
 *(.bss*)
 *(COMMON)
                0x008001b4                PROVIDE (__bss_end, .)
                0x000002ac                __data_load_start = LOADADDR (.data)
                0x00000360                __data_load_end = (__data_load_start + SIZEOF (.data))

.noinit         0x008001b4        0x0
                0x008001b4                PROVIDE (__noinit_start, .)
 *(.noinit*)
                0x008001b4                PROVIDE (__noinit_end, .)
                0x008001b4                _end = .
                0x008001b4                PROVIDE (__heap_start, .)

.eeprom         0x00810000        0x0
 *(.eeprom*)
                0x00810000                __eeprom_end = .

.stab           0x00000000      0x6cc
 *(.stab)
 .stab          0x00000000      0x6cc /usr/lib/gcc/avr/4.5.0/../../../../avr/lib/avr51/crtusb1286.o

.stabstr        0x00000000       0x54
 *(.stabstr)
 .stabstr       0x00000000       0x54 /usr/lib/gcc/avr/4.5.0/../../../../avr/lib/avr51/crtusb1286.o

.stab.excl
 *(.stab.excl)

.stab.exclstr
 *(.stab.exclstr)

.stab.index
 *(.stab.index)

.stab.indexstr
 *(.stab.indexstr)

.comment
 *(.comment)

.debug
 *(.debug)

.line
 *(.line)

.debug_srcinfo
 *(.debug_srcinfo)

.debug_sfnames
 *(.debug_sfnames)

.debug_aranges  0x00000000      0x218
 *(.debug_aranges)
 .debug_aranges
                0x00000000       0x50 obj/main.o
 .debug_aranges
                0x00000050       0x40 usart.o
 .debug_aranges
                0x00000090       0xa0 adc.o
 .debug_aranges
                0x00000130       0x88 diskio.o
 .debug_aranges
                0x000001b8       0x60 leds.o

.debug_pubnames
                0x00000000      0x370
 *(.debug_pubnames)
 .debug_pubnames
                0x00000000       0x80 obj/main.o
 .debug_pubnames
                0x00000080       0x70 usart.o
 .debug_pubnames
                0x000000f0      0x15e adc.o
 .debug_pubnames
                0x0000024e       0x85 diskio.o
 .debug_pubnames
                0x000002d3       0x9d leds.o

.debug_info     0x00000000      0xec3
 *(.debug_info)
 .debug_info    0x00000000      0x183 obj/main.o
 .debug_info    0x00000183      0x14d usart.o
 .debug_info    0x000002d0      0x344 adc.o
 .debug_info    0x00000614      0x52b diskio.o
 .debug_info    0x00000b3f      0x384 leds.o
 *(.gnu.linkonce.wi.*)

.debug_abbrev   0x00000000      0x574
 *(.debug_abbrev)
 .debug_abbrev  0x00000000       0xbf obj/main.o
 .debug_abbrev  0x000000bf       0xd1 usart.o
 .debug_abbrev  0x00000190      0x106 adc.o
 .debug_abbrev  0x00000296      0x1be diskio.o
 .debug_abbrev  0x00000454      0x120 leds.o

.debug_line     0x00000000     0x14f5
 *(.debug_line)
 .debug_line    0x00000000      0x274 obj/main.o
 .debug_line    0x00000274      0x171 usart.o
 .debug_line    0x000003e5      0x3da adc.o
 .debug_line    0x000007bf      0x9d8 diskio.o
 .debug_line    0x00001197      0x35e leds.o

.debug_frame    0x00000000      0x390
 *(.debug_frame)
 .debug_frame   0x00000000       0x80 obj/main.o
 .debug_frame   0x00000080       0x60 usart.o
 .debug_frame   0x000000e0      0x120 adc.o
 .debug_frame   0x00000200       0xf0 diskio.o
 .debug_frame   0x000002f0       0xa0 leds.o

.debug_str      0x00000000      0x4b8
 *(.debug_str)
 .debug_str     0x00000000       0xe2 obj/main.o
                                0x12c (size before relaxing)
 .debug_str     0x000000e2       0x72 usart.o
                                 0xfb (size before relaxing)
 .debug_str     0x00000154      0x15c adc.o
                                0x208 (size before relaxing)
 .debug_str     0x000002b0      0x13d diskio.o
                                0x20b (size before relaxing)
 .debug_str     0x000003ed       0xcb leds.o
                                0x170 (size before relaxing)

.debug_loc      0x00000000      0xb78
 *(.debug_loc)
 .debug_loc     0x00000000       0x43 obj/main.o
 .debug_loc     0x00000043       0x3c usart.o
 .debug_loc     0x0000007f      0x215 adc.o
 .debug_loc     0x00000294      0x74f diskio.o
 .debug_loc     0x000009e3      0x195 leds.o

.debug_macinfo
 *(.debug_macinfo)
OUTPUT(main.elf elf32-avr)
LOAD linker stubs

.debug_pubtypes
                0x00000000      0x11d
 .debug_pubtypes
                0x00000000       0x2b obj/main.o
 .debug_pubtypes
                0x0000002b       0x2b usart.o
 .debug_pubtypes
                0x00000056       0x34 adc.o
 .debug_pubtypes
                0x0000008a       0x68 diskio.o
 .debug_pubtypes
                0x000000f2       0x2b leds.o

.debug_ranges   0x00000000      0x1c8
 .debug_ranges  0x00000000       0x40 obj/main.o
 .debug_ranges  0x00000040       0x30 usart.o
 .debug_ranges  0x00000070       0x90 adc.o
 .debug_ranges  0x00000100       0x78 diskio.o
 .debug_ranges  0x00000178       0x50 leds.o

Cross Reference Table

Symbol                                            File
ADC_disable                                       adc.o
ADC_disable_interrupt                             adc.o
ADC_done                                          adc.o
ADC_enable                                        adc.o
                                                  obj/main.o
ADC_enable_interrupt                              adc.o
ADC_finish                                        adc.o
ADC_set_adjust                                    adc.o
ADC_set_channel                                   adc.o
ADC_set_free_running                              adc.o
ADC_set_prescaler                                 adc.o
ADC_set_reference                                 adc.o
                                                  obj/main.o
ADC_start                                         adc.o
USART_available                                   usart.o
USART_init                                        usart.o
                                                  obj/main.o
USART_receive                                     usart.o
USART_send_string                                 usart.o
                                                  obj/main.o
USART_transmit                                    usart.o
                                                  obj/main.o
__bad_interrupt                                   /usr/lib/gcc/avr/4.5.0/../../../../avr/lib/avr51/crtusb1286.o
__bss_end                                         /usr/lib/gcc/avr/4.5.0/avr51/libgcc.a(_clear_bss.o)
__bss_start                                       /usr/lib/gcc/avr/4.5.0/avr51/libgcc.a(_clear_bss.o)
__data_end                                        /usr/lib/gcc/avr/4.5.0/avr51/libgcc.a(_copy_data.o)
__data_load_start                                 /usr/lib/gcc/avr/4.5.0/avr51/libgcc.a(_copy_data.o)
__data_start                                      /usr/lib/gcc/avr/4.5.0/avr51/libgcc.a(_copy_data.o)
__do_clear_bss                                    /usr/lib/gcc/avr/4.5.0/avr51/libgcc.a(_clear_bss.o)
                                                  leds.o
                                                  diskio.o
                                                  adc.o
                                                  usart.o
                                                  obj/main.o
__do_copy_data                                    /usr/lib/gcc/avr/4.5.0/avr51/libgcc.a(_copy_data.o)
                                                  leds.o
                                                  diskio.o
                                                  adc.o
                                                  usart.o
                                                  obj/main.o
__heap_end                                        /usr/lib/gcc/avr/4.5.0/../../../../avr/lib/avr51/crtusb1286.o
__init                                            /usr/lib/gcc/avr/4.5.0/../../../../avr/lib/avr51/crtusb1286.o
__stack                                           /usr/lib/gcc/avr/4.5.0/../../../../avr/lib/avr51/crtusb1286.o
__udivmodhi4                                      /usr/lib/gcc/avr/4.5.0/avr51/libgcc.a(_udivmodhi4.o)
                                                  adc.o
__vector_1                                        /usr/lib/gcc/avr/4.5.0/../../../../avr/lib/avr51/crtusb1286.o
__vector_10                                       /usr/lib/gcc/avr/4.5.0/../../../../avr/lib/avr51/crtusb1286.o
__vector_11                                       /usr/lib/gcc/avr/4.5.0/../../../../avr/lib/avr51/crtusb1286.o
__vector_12                                       /usr/lib/gcc/avr/4.5.0/../../../../avr/lib/avr51/crtusb1286.o
__vector_13                                       /usr/lib/gcc/avr/4.5.0/../../../../avr/lib/avr51/crtusb1286.o
__vector_14                                       /usr/lib/gcc/avr/4.5.0/../../../../avr/lib/avr51/crtusb1286.o
__vector_15                                       /usr/lib/gcc/avr/4.5.0/../../../../avr/lib/avr51/crtusb1286.o
__vector_16                                       /usr/lib/gcc/avr/4.5.0/../../../../avr/lib/avr51/crtusb1286.o
__vector_17                                       obj/main.o
                                                  /usr/lib/gcc/avr/4.5.0/../../../../avr/lib/avr51/crtusb1286.o
__vector_18                                       /usr/lib/gcc/avr/4.5.0/../../../../avr/lib/avr51/crtusb1286.o
__vector_19                                       /usr/lib/gcc/avr/4.5.0/../../../../avr/lib/avr51/crtusb1286.o
__vector_2                                        /usr/lib/gcc/avr/4.5.0/../../../../avr/lib/avr51/crtusb1286.o
__vector_20                                       /usr/lib/gcc/avr/4.5.0/../../../../avr/lib/avr51/crtusb1286.o
__vector_21                                       /usr/lib/gcc/avr/4.5.0/../../../../avr/lib/avr51/crtusb1286.o
__vector_22                                       /usr/lib/gcc/avr/4.5.0/../../../../avr/lib/avr51/crtusb1286.o
__vector_23                                       /usr/lib/gcc/avr/4.5.0/../../../../avr/lib/avr51/crtusb1286.o
__vector_24                                       /usr/lib/gcc/avr/4.5.0/../../../../avr/lib/avr51/crtusb1286.o
__vector_25                                       /usr/lib/gcc/avr/4.5.0/../../../../avr/lib/avr51/crtusb1286.o
__vector_26                                       /usr/lib/gcc/avr/4.5.0/../../../../avr/lib/avr51/crtusb1286.o
__vector_27                                       /usr/lib/gcc/avr/4.5.0/../../../../avr/lib/avr51/crtusb1286.o
__vector_28                                       /usr/lib/gcc/avr/4.5.0/../../../../avr/lib/avr51/crtusb1286.o
__vector_29                                       /usr/lib/gcc/avr/4.5.0/../../../../avr/lib/avr51/crtusb1286.o
__vector_3                                        /usr/lib/gcc/avr/4.5.0/../../../../avr/lib/avr51/crtusb1286.o
__vector_30                                       /usr/lib/gcc/avr/4.5.0/../../../../avr/lib/avr51/crtusb1286.o
__vector_31                                       /usr/lib/gcc/avr/4.5.0/../../../../avr/lib/avr51/crtusb1286.o
__vector_32                                       /usr/lib/gcc/avr/4.5.0/../../../../avr/lib/avr51/crtusb1286.o
__vector_33                                       /usr/lib/gcc/avr/4.5.0/../../../../avr/lib/avr51/crtusb1286.o
__vector_34                                       /usr/lib/gcc/avr/4.5.0/../../../../avr/lib/avr51/crtusb1286.o
__vector_35                                       /usr/lib/gcc/avr/4.5.0/../../../../avr/lib/avr51/crtusb1286.o
__vector_36                                       /usr/lib/gcc/avr/4.5.0/../../../../avr/lib/avr51/crtusb1286.o
__vector_37                                       /usr/lib/gcc/avr/4.5.0/../../../../avr/lib/avr51/crtusb1286.o
__vector_4                                        /usr/lib/gcc/avr/4.5.0/../../../../avr/lib/avr51/crtusb1286.o
__vector_5                                        /usr/lib/gcc/avr/4.5.0/../../../../avr/lib/avr51/crtusb1286.o
__vector_6                                        /usr/lib/gcc/avr/4.5.0/../../../../avr/lib/avr51/crtusb1286.o
__vector_7                                        /usr/lib/gcc/avr/4.5.0/../../../../avr/lib/avr51/crtusb1286.o
__vector_8                                        /usr/lib/gcc/avr/4.5.0/../../../../avr/lib/avr51/crtusb1286.o
__vector_9                                        /usr/lib/gcc/avr/4.5.0/../../../../avr/lib/avr51/crtusb1286.o
__vector_default                                  /usr/lib/gcc/avr/4.5.0/../../../../avr/lib/avr51/crtusb1286.o
__vectors                                         /usr/lib/gcc/avr/4.5.0/../../../../avr/lib/avr51/crtusb1286.o
_exit                                             /usr/lib/gcc/avr/4.5.0/avr51/libgcc.a(_exit.o)
blue_screen                                       obj/main.o
check_TIMER0                                      obj/main.o
clear_array                                       leds.o
                                                  obj/main.o
disk_initialize                                   diskio.o
disk_ioctl                                        diskio.o
disk_read                                         diskio.o
disk_status                                       diskio.o
disk_timerproc                                    diskio.o
disk_write                                        diskio.o
exit                                              /usr/lib/gcc/avr/4.5.0/avr51/libgcc.a(_exit.o)
                                                  /usr/lib/gcc/avr/4.5.0/../../../../avr/lib/avr51/crtusb1286.o
get_fattime                                       diskio.o
initialize                                        obj/main.o
initialize_TIMER0                                 obj/main.o
led_blue                                          leds.o
led_green                                         leds.o
led_off                                           leds.o
led_red                                           leds.o
main                                              obj/main.o
                                                  /usr/lib/gcc/avr/4.5.0/../../../../avr/lib/avr51/crtusb1286.o
read_ADC                                          adc.o
read_ADC_averaged                                 adc.o
read_precise_ADC                                  adc.o
read_precise_ADC_averaged                         adc.o
set_TIMER0                                        obj/main.o
set_array_blue                                    leds.o
set_array_green                                   leds.o
set_array_red                                     leds.o
setup_ADC                                         adc.o
                                                  obj/main.o
update_row                                        leds.o
