Archive member included because of file (symbol)

/usr/lib/gcc/avr/4.5.0/avr51/libgcc.a(_udivmodhi4.o)
                              obj/adc.o (__udivmodhi4)
/usr/lib/gcc/avr/4.5.0/avr51/libgcc.a(_exit.o)
                              /usr/lib/gcc/avr/4.5.0/../../../../avr/lib/avr51/crtusb1286.o (exit)
/usr/lib/gcc/avr/4.5.0/avr51/libgcc.a(_copy_data.o)
                              obj/wunder.o (__do_copy_data)
/usr/lib/gcc/avr/4.5.0/avr51/libgcc.a(_clear_bss.o)
                              obj/wunder.o (__do_clear_bss)

Discarded input sections

 .data          0x00000000        0x0 /usr/lib/gcc/avr/4.5.0/../../../../avr/lib/avr51/crtusb1286.o
 .bss           0x00000000        0x0 /usr/lib/gcc/avr/4.5.0/../../../../avr/lib/avr51/crtusb1286.o
 .text          0x00000000        0x0 obj/wunder.o
 .bss           0x00000000        0x2 obj/wunder.o
 .text          0x00000000        0x0 obj/usart.o
 .data          0x00000000        0x0 obj/usart.o
 .bss           0x00000000        0x0 obj/usart.o
 .text.USART_Available
                0x00000000        0x8 obj/usart.o
 .text.USART_Receive
                0x00000000        0xe obj/usart.o
 .text          0x00000000        0x0 obj/adc.o
 .data          0x00000000        0x0 obj/adc.o
 .bss           0x00000000        0x0 obj/adc.o
 .text.ADCSetChannel
                0x00000000       0x14 obj/adc.o
 .text.ADCSetAdjust
                0x00000000       0x18 obj/adc.o
 .text.ADCEnableInterrupt
                0x00000000        0xc obj/adc.o
 .text.ADCDisableInterrupt
                0x00000000        0xc obj/adc.o
 .text.ADCDisable
                0x00000000        0xc obj/adc.o
 .text.ReadADC  0x00000000       0x24 obj/adc.o
 .text.ReadADCAveraged
                0x00000000       0x4a obj/adc.o
 .text.ReadPreciseADC
                0x00000000       0x26 obj/adc.o
 .text.ReadPreciseADCAveraged
                0x00000000       0x4a obj/adc.o
 .text          0x00000000        0x0 obj/diskio.o
 .data          0x00000000        0x1 obj/diskio.o
 .bss           0x00000000        0x4 obj/diskio.o
 .text.rcvr_spi
                0x00000000       0x12 obj/diskio.o
 .text.wait_ready
                0x00000000       0x28 obj/diskio.o
 .text.deselect
                0x00000000        0x8 obj/diskio.o
 .text.select   0x00000000       0x1c obj/diskio.o
 .text.rcvr_datablock
                0x00000000       0x82 obj/diskio.o
 .text.xmit_datablock
                0x00000000       0x9a obj/diskio.o
 .text.send_cmd
                0x00000000       0xe6 obj/diskio.o
 .text.disk_initialize
                0x00000000      0x17e obj/diskio.o
 .text.disk_status
                0x00000000        0xe obj/diskio.o
 .text.disk_read
                0x00000000       0xa4 obj/diskio.o
 .text.disk_write
                0x00000000       0xe0 obj/diskio.o
 .text.disk_ioctl
                0x00000000      0x308 obj/diskio.o
 .text.disk_timerproc
                0x00000000       0x4a obj/diskio.o
 .text.get_fattime
                0x00000000        0xa obj/diskio.o
 .text          0x00000000        0x0 obj/leds.o
 .data          0x00000000        0x0 obj/leds.o
 .bss           0x00000000        0x0 obj/leds.o
 .text.set_array_blue
                0x00000000       0x26 obj/leds.o
 .text          0x00000000        0x0 /usr/lib/gcc/avr/4.5.0/avr51/libgcc.a(_udivmodhi4.o)
 .data          0x00000000        0x0 /usr/lib/gcc/avr/4.5.0/avr51/libgcc.a(_udivmodhi4.o)
 .bss           0x00000000        0x0 /usr/lib/gcc/avr/4.5.0/avr51/libgcc.a(_udivmodhi4.o)
 .text.libgcc   0x00000000       0x28 /usr/lib/gcc/avr/4.5.0/avr51/libgcc.a(_udivmodhi4.o)
 .text          0x00000000        0x0 /usr/lib/gcc/avr/4.5.0/avr51/libgcc.a(_exit.o)
 .data          0x00000000        0x0 /usr/lib/gcc/avr/4.5.0/avr51/libgcc.a(_exit.o)
 .bss           0x00000000        0x0 /usr/lib/gcc/avr/4.5.0/avr51/libgcc.a(_exit.o)
 .text.libgcc   0x00000000        0x0 /usr/lib/gcc/avr/4.5.0/avr51/libgcc.a(_exit.o)
 .text          0x00000000        0x0 /usr/lib/gcc/avr/4.5.0/avr51/libgcc.a(_copy_data.o)
 .data          0x00000000        0x0 /usr/lib/gcc/avr/4.5.0/avr51/libgcc.a(_copy_data.o)
 .bss           0x00000000        0x0 /usr/lib/gcc/avr/4.5.0/avr51/libgcc.a(_copy_data.o)
 .text.libgcc   0x00000000        0x0 /usr/lib/gcc/avr/4.5.0/avr51/libgcc.a(_copy_data.o)
 .text          0x00000000        0x0 /usr/lib/gcc/avr/4.5.0/avr51/libgcc.a(_clear_bss.o)
 .data          0x00000000        0x0 /usr/lib/gcc/avr/4.5.0/avr51/libgcc.a(_clear_bss.o)
 .bss           0x00000000        0x0 /usr/lib/gcc/avr/4.5.0/avr51/libgcc.a(_clear_bss.o)
 .text.libgcc   0x00000000        0x0 /usr/lib/gcc/avr/4.5.0/avr51/libgcc.a(_clear_bss.o)

Memory Configuration

Name             Origin             Length             Attributes
text             0x00000000         0x00020000         xr
data             0x00800100         0x0000ff00         rw !x
eeprom           0x00810000         0x00010000         rw !x
*default*        0x00000000         0xffffffff

Linker script and memory map

Address of section .data set to 0x800100
LOAD /usr/lib/gcc/avr/4.5.0/../../../../avr/lib/avr51/crtusb1286.o
LOAD obj/wunder.o
LOAD obj/usart.o
LOAD obj/adc.o
LOAD obj/diskio.o
LOAD obj/leds.o
LOAD /usr/lib/gcc/avr/4.5.0/../../../../avr/lib/avr51/libm.a
LOAD /usr/lib/gcc/avr/4.5.0/avr51/libgcc.a
LOAD /usr/lib/gcc/avr/4.5.0/../../../../avr/lib/avr51/libc.a
LOAD /usr/lib/gcc/avr/4.5.0/avr51/libgcc.a

.hash
 *(.hash)

.dynsym
 *(.dynsym)

.dynstr
 *(.dynstr)

.gnu.version
 *(.gnu.version)

.gnu.version_d
 *(.gnu.version_d)

.gnu.version_r
 *(.gnu.version_r)

.rel.init
 *(.rel.init)

.rela.init
 *(.rela.init)

.rel.text
 *(.rel.text)
 *(.rel.text.*)
 *(.rel.gnu.linkonce.t*)

.rela.text
 *(.rela.text)
 *(.rela.text.*)
 *(.rela.gnu.linkonce.t*)

.rel.fini
 *(.rel.fini)

.rela.fini
 *(.rela.fini)

.rel.rodata
 *(.rel.rodata)
 *(.rel.rodata.*)
 *(.rel.gnu.linkonce.r*)

.rela.rodata
 *(.rela.rodata)
 *(.rela.rodata.*)
 *(.rela.gnu.linkonce.r*)

.rel.data
 *(.rel.data)
 *(.rel.data.*)
 *(.rel.gnu.linkonce.d*)

.rela.data
 *(.rela.data)
 *(.rela.data.*)
 *(.rela.gnu.linkonce.d*)

.rel.ctors
 *(.rel.ctors)

.rela.ctors
 *(.rela.ctors)

.rel.dtors
 *(.rel.dtors)

.rela.dtors
 *(.rela.dtors)

.rel.got
 *(.rel.got)

.rela.got
 *(.rela.got)

.rel.bss
 *(.rel.bss)

.rela.bss
 *(.rela.bss)

.rel.plt
 *(.rel.plt)

.rela.plt
 *(.rela.plt)

.text           0x00000000      0x2f6
 *(.vectors)
 .vectors       0x00000000       0x98 /usr/lib/gcc/avr/4.5.0/../../../../avr/lib/avr51/crtusb1286.o
                0x00000000                __vectors
                0x00000000                __vector_default
 *(.vectors)
 *(.progmem.gcc*)
 *(.progmem*)
                0x00000098                . = ALIGN (0x2)
                0x00000098                __trampolines_start = .
 *(.trampolines)
 .trampolines   0x00000098        0x0 linker stubs
 *(.trampolines*)
                0x00000098                __trampolines_end = .
 *(.jumptables)
 *(.jumptables*)
 *(.lowtext)
 *(.lowtext*)
                0x00000098                __ctors_start = .
 *(.ctors)
                0x00000098                __ctors_end = .
                0x00000098                __dtors_start = .
 *(.dtors)
                0x00000098                __dtors_end = .
 SORT(*)(.ctors)
 SORT(*)(.dtors)
 *(.init0)
 .init0         0x00000098        0x0 /usr/lib/gcc/avr/4.5.0/../../../../avr/lib/avr51/crtusb1286.o
                0x00000098                __init
 *(.init0)
 *(.init1)
 *(.init1)
 *(.init2)
 .init2         0x00000098        0xc /usr/lib/gcc/avr/4.5.0/../../../../avr/lib/avr51/crtusb1286.o
 *(.init2)
 *(.init3)
 *(.init3)
 *(.init4)
 .init4         0x000000a4       0x1a /usr/lib/gcc/avr/4.5.0/avr51/libgcc.a(_copy_data.o)
                0x000000a4                __do_copy_data
 .init4         0x000000be       0x10 /usr/lib/gcc/avr/4.5.0/avr51/libgcc.a(_clear_bss.o)
                0x000000be                __do_clear_bss
 *(.init4)
 *(.init5)
 *(.init5)
 *(.init6)
 *(.init6)
 *(.init7)
 *(.init7)
 *(.init8)
 *(.init8)
 *(.init9)
 .init9         0x000000ce        0x4 /usr/lib/gcc/avr/4.5.0/../../../../avr/lib/avr51/crtusb1286.o
 *(.init9)
 *(.text)
 .text          0x000000d2        0x2 /usr/lib/gcc/avr/4.5.0/../../../../avr/lib/avr51/crtusb1286.o
                0x000000d2                __vector_22
                0x000000d2                __vector_28
                0x000000d2                __vector_1
                0x000000d2                __vector_32
                0x000000d2                __vector_34
                0x000000d2                __vector_24
                0x000000d2                __vector_12
                0x000000d2                __bad_interrupt
                0x000000d2                __vector_6
                0x000000d2                __vector_31
                0x000000d2                __vector_35
                0x000000d2                __vector_3
                0x000000d2                __vector_23
                0x000000d2                __vector_30
                0x000000d2                __vector_25
                0x000000d2                __vector_11
                0x000000d2                __vector_13
                0x000000d2                __vector_17
                0x000000d2                __vector_19
                0x000000d2                __vector_7
                0x000000d2                __vector_27
                0x000000d2                __vector_5
                0x000000d2                __vector_33
                0x000000d2                __vector_37
                0x000000d2                __vector_4
                0x000000d2                __vector_9
                0x000000d2                __vector_2
                0x000000d2                __vector_21
                0x000000d2                __vector_15
                0x000000d2                __vector_36
                0x000000d2                __vector_29
                0x000000d2                __vector_8
                0x000000d2                __vector_26
                0x000000d2                __vector_14
                0x000000d2                __vector_10
                0x000000d2                __vector_16
                0x000000d2                __vector_18
                0x000000d2                __vector_20
                0x000000d4                . = ALIGN (0x2)
 *(.text.*)
 .text.initialize
                0x000000d4       0x72 obj/wunder.o
                0x000000d4                initialize
 .text.main     0x00000146       0x5e obj/wunder.o
                0x00000146                main
 .text.USART_Init
                0x000001a4       0x16 obj/usart.o
                0x000001a4                USART_Init
 .text.USART_Transmit
                0x000001ba        0xe obj/usart.o
                0x000001ba                USART_Transmit
 .text.USART_SendString
                0x000001c8       0x26 obj/usart.o
                0x000001c8                USART_SendString
 .text.ADCSetPrescaler
                0x000001ee       0x14 obj/adc.o
                0x000001ee                ADCSetPrescaler
 .text.ADCSetFreeRunning
                0x00000202       0x36 obj/adc.o
                0x00000202                ADCSetFreeRunning
 .text.ADCEnable
                0x00000238        0xc obj/adc.o
                0x00000238                ADCEnable
 .text.ADCStart
                0x00000244        0xc obj/adc.o
                0x00000244                ADCStart
 .text.ADCFinish
                0x00000250        0xc obj/adc.o
                0x00000250                ADCFinish
 .text.ADCDone  0x0000025c        0xc obj/adc.o
                0x0000025c                ADCDone
 .text.ADCSetReference
                0x00000268       0x20 obj/adc.o
                0x00000268                ADCSetReference
 .text.SetupADC
                0x00000288       0x1c obj/adc.o
                0x00000288                SetupADC
 .text.clearArray
                0x000002a4        0x2 obj/leds.o
                0x000002a4                clearArray
 .text.set_array_green
                0x000002a6       0x26 obj/leds.o
                0x000002a6                set_array_green
 .text.set_array_red
                0x000002cc       0x26 obj/leds.o
                0x000002cc                set_array_red
                0x000002f2                . = ALIGN (0x2)
 *(.fini9)
 .fini9         0x000002f2        0x0 /usr/lib/gcc/avr/4.5.0/avr51/libgcc.a(_exit.o)
                0x000002f2                exit
                0x000002f2                _exit
 *(.fini9)
 *(.fini8)
 *(.fini8)
 *(.fini7)
 *(.fini7)
 *(.fini6)
 *(.fini6)
 *(.fini5)
 *(.fini5)
 *(.fini4)
 *(.fini4)
 *(.fini3)
 *(.fini3)
 *(.fini2)
 *(.fini2)
 *(.fini1)
 *(.fini1)
 *(.fini0)
 .fini0         0x000002f2        0x4 /usr/lib/gcc/avr/4.5.0/avr51/libgcc.a(_exit.o)
 *(.fini0)
                0x000002f6                _etext = .

.data           0x00800100       0xf2 load address 0x000002f6
                0x00800100                PROVIDE (__data_start, .)
 *(.data)
 .data          0x00800100       0xf2 obj/wunder.o
 *(.data*)
 *(.rodata)
 *(.rodata*)
 *(.gnu.linkonce.d*)
                0x008001f2                . = ALIGN (0x2)
                0x008001f2                _edata = .
                0x008001f2                PROVIDE (__data_end, .)

.bss            0x008001f2        0x0
                0x008001f2                PROVIDE (__bss_start, .)
 *(.bss)
 *(.bss*)
 *(COMMON)
                0x008001f2                PROVIDE (__bss_end, .)
                0x000002f6                __data_load_start = LOADADDR (.data)
                0x000003e8                __data_load_end = (__data_load_start + SIZEOF (.data))

.noinit         0x008001f2        0x0
                0x008001f2                PROVIDE (__noinit_start, .)
 *(.noinit*)
                0x008001f2                PROVIDE (__noinit_end, .)
                0x008001f2                _end = .
                0x008001f2                PROVIDE (__heap_start, .)

.eeprom         0x00810000        0x0
 *(.eeprom*)
                0x00810000                __eeprom_end = .

.stab           0x00000000      0x6cc
 *(.stab)
 .stab          0x00000000      0x6cc /usr/lib/gcc/avr/4.5.0/../../../../avr/lib/avr51/crtusb1286.o

.stabstr        0x00000000       0x54
 *(.stabstr)
 .stabstr       0x00000000       0x54 /usr/lib/gcc/avr/4.5.0/../../../../avr/lib/avr51/crtusb1286.o

.stab.excl
 *(.stab.excl)

.stab.exclstr
 *(.stab.exclstr)

.stab.index
 *(.stab.index)

.stab.indexstr
 *(.stab.indexstr)

.comment
 *(.comment)

.debug
 *(.debug)

.line
 *(.line)

.debug_srcinfo
 *(.debug_srcinfo)

.debug_sfnames
 *(.debug_sfnames)

.debug_aranges  0x00000000      0x1c8
 *(.debug_aranges)
 .debug_aranges
                0x00000000       0x28 obj/wunder.o
 .debug_aranges
                0x00000028       0x40 obj/usart.o
 .debug_aranges
                0x00000068       0xa0 obj/adc.o
 .debug_aranges
                0x00000108       0x88 obj/diskio.o
 .debug_aranges
                0x00000190       0x38 obj/leds.o

.debug_pubnames
                0x00000000      0x2cc
 *(.debug_pubnames)
 .debug_pubnames
                0x00000000       0x3d obj/wunder.o
 .debug_pubnames
                0x0000003d       0x6f obj/usart.o
 .debug_pubnames
                0x000000ac      0x141 obj/adc.o
 .debug_pubnames
                0x000001ed       0x85 obj/diskio.o
 .debug_pubnames
                0x00000272       0x5a obj/leds.o

.debug_info     0x00000000      0xffc
 *(.debug_info)
 .debug_info    0x00000000      0x3f8 obj/wunder.o
 .debug_info    0x000003f8      0x14f obj/usart.o
 .debug_info    0x00000547      0x34a obj/adc.o
 .debug_info    0x00000891      0x52b obj/diskio.o
 .debug_info    0x00000dbc      0x240 obj/leds.o
 *(.gnu.linkonce.wi.*)

.debug_abbrev   0x00000000      0x5f2
 *(.debug_abbrev)
 .debug_abbrev  0x00000000      0x171 obj/wunder.o
 .debug_abbrev  0x00000171       0xd5 obj/usart.o
 .debug_abbrev  0x00000246       0xf5 obj/adc.o
 .debug_abbrev  0x0000033b      0x1be obj/diskio.o
 .debug_abbrev  0x000004f9       0xf9 obj/leds.o

.debug_line     0x00000000     0x13ac
 *(.debug_line)
 .debug_line    0x00000000      0x255 obj/wunder.o
 .debug_line    0x00000255      0x171 obj/usart.o
 .debug_line    0x000003c6      0x3da obj/adc.o
 .debug_line    0x000007a0      0x9d8 obj/diskio.o
 .debug_line    0x00001178      0x234 obj/leds.o

.debug_frame    0x00000000      0x2f0
 *(.debug_frame)
 .debug_frame   0x00000000       0x30 obj/wunder.o
 .debug_frame   0x00000030       0x60 obj/usart.o
 .debug_frame   0x00000090      0x120 obj/adc.o
 .debug_frame   0x000001b0       0xf0 obj/diskio.o
 .debug_frame   0x000002a0       0x50 obj/leds.o

.debug_str      0x00000000      0x41d
 *(.debug_str)
 .debug_str     0x00000000       0xff obj/wunder.o
                                0x14a (size before relaxing)
 .debug_str     0x000000ff       0x5b obj/usart.o
                                0x104 (size before relaxing)
 .debug_str     0x0000015a      0x14f obj/adc.o
                                0x1f3 (size before relaxing)
 .debug_str     0x000002a9      0x130 obj/diskio.o
                                0x215 (size before relaxing)
 .debug_str     0x000003d9       0x44 obj/leds.o
                                0x122 (size before relaxing)

.debug_loc      0x00000000      0xb06
 *(.debug_loc)
 .debug_loc     0x00000000       0xca obj/wunder.o
 .debug_loc     0x000000ca       0x3c obj/usart.o
 .debug_loc     0x00000106      0x215 obj/adc.o
 .debug_loc     0x0000031b      0x74f obj/diskio.o
 .debug_loc     0x00000a6a       0x9c obj/leds.o

.debug_macinfo
 *(.debug_macinfo)
OUTPUT(wunder.elf elf32-avr)
LOAD linker stubs

.debug_pubtypes
                0x00000000      0x132
 .debug_pubtypes
                0x00000000       0x40 obj/wunder.o
 .debug_pubtypes
                0x00000040       0x2b obj/usart.o
 .debug_pubtypes
                0x0000006b       0x34 obj/adc.o
 .debug_pubtypes
                0x0000009f       0x68 obj/diskio.o
 .debug_pubtypes
                0x00000107       0x2b obj/leds.o

.debug_ranges   0x00000000      0x208
 .debug_ranges  0x00000000       0xa8 obj/wunder.o
 .debug_ranges  0x000000a8       0x30 obj/usart.o
 .debug_ranges  0x000000d8       0x90 obj/adc.o
 .debug_ranges  0x00000168       0x78 obj/diskio.o
 .debug_ranges  0x000001e0       0x28 obj/leds.o

Cross Reference Table

Symbol                                            File
ADCDisable                                        obj/adc.o
ADCDisableInterrupt                               obj/adc.o
ADCDone                                           obj/adc.o
ADCEnable                                         obj/adc.o
                                                  obj/wunder.o
ADCEnableInterrupt                                obj/adc.o
ADCFinish                                         obj/adc.o
ADCSetAdjust                                      obj/adc.o
ADCSetChannel                                     obj/adc.o
ADCSetFreeRunning                                 obj/adc.o
ADCSetPrescaler                                   obj/adc.o
ADCSetReference                                   obj/adc.o
                                                  obj/wunder.o
ADCStart                                          obj/adc.o
ReadADC                                           obj/adc.o
ReadADCAveraged                                   obj/adc.o
ReadPreciseADC                                    obj/adc.o
ReadPreciseADCAveraged                            obj/adc.o
SetupADC                                          obj/adc.o
                                                  obj/wunder.o
USART_Available                                   obj/usart.o
USART_Init                                        obj/usart.o
                                                  obj/wunder.o
USART_Receive                                     obj/usart.o
USART_SendString                                  obj/usart.o
                                                  obj/wunder.o
USART_Transmit                                    obj/usart.o
                                                  obj/wunder.o
__bad_interrupt                                   /usr/lib/gcc/avr/4.5.0/../../../../avr/lib/avr51/crtusb1286.o
__bss_end                                         /usr/lib/gcc/avr/4.5.0/avr51/libgcc.a(_clear_bss.o)
__bss_start                                       /usr/lib/gcc/avr/4.5.0/avr51/libgcc.a(_clear_bss.o)
__data_end                                        /usr/lib/gcc/avr/4.5.0/avr51/libgcc.a(_copy_data.o)
__data_load_start                                 /usr/lib/gcc/avr/4.5.0/avr51/libgcc.a(_copy_data.o)
__data_start                                      /usr/lib/gcc/avr/4.5.0/avr51/libgcc.a(_copy_data.o)
__do_clear_bss                                    /usr/lib/gcc/avr/4.5.0/avr51/libgcc.a(_clear_bss.o)
                                                  obj/leds.o
                                                  obj/diskio.o
                                                  obj/adc.o
                                                  obj/usart.o
                                                  obj/wunder.o
__do_copy_data                                    /usr/lib/gcc/avr/4.5.0/avr51/libgcc.a(_copy_data.o)
                                                  obj/leds.o
                                                  obj/diskio.o
                                                  obj/adc.o
                                                  obj/usart.o
                                                  obj/wunder.o
__heap_end                                        /usr/lib/gcc/avr/4.5.0/../../../../avr/lib/avr51/crtusb1286.o
__init                                            /usr/lib/gcc/avr/4.5.0/../../../../avr/lib/avr51/crtusb1286.o
__stack                                           /usr/lib/gcc/avr/4.5.0/../../../../avr/lib/avr51/crtusb1286.o
__udivmodhi4                                      /usr/lib/gcc/avr/4.5.0/avr51/libgcc.a(_udivmodhi4.o)
                                                  obj/adc.o
__vector_1                                        /usr/lib/gcc/avr/4.5.0/../../../../avr/lib/avr51/crtusb1286.o
__vector_10                                       /usr/lib/gcc/avr/4.5.0/../../../../avr/lib/avr51/crtusb1286.o
__vector_11                                       /usr/lib/gcc/avr/4.5.0/../../../../avr/lib/avr51/crtusb1286.o
__vector_12                                       /usr/lib/gcc/avr/4.5.0/../../../../avr/lib/avr51/crtusb1286.o
__vector_13                                       /usr/lib/gcc/avr/4.5.0/../../../../avr/lib/avr51/crtusb1286.o
__vector_14                                       /usr/lib/gcc/avr/4.5.0/../../../../avr/lib/avr51/crtusb1286.o
__vector_15                                       /usr/lib/gcc/avr/4.5.0/../../../../avr/lib/avr51/crtusb1286.o
__vector_16                                       /usr/lib/gcc/avr/4.5.0/../../../../avr/lib/avr51/crtusb1286.o
__vector_17                                       /usr/lib/gcc/avr/4.5.0/../../../../avr/lib/avr51/crtusb1286.o
__vector_18                                       /usr/lib/gcc/avr/4.5.0/../../../../avr/lib/avr51/crtusb1286.o
__vector_19                                       /usr/lib/gcc/avr/4.5.0/../../../../avr/lib/avr51/crtusb1286.o
__vector_2                                        /usr/lib/gcc/avr/4.5.0/../../../../avr/lib/avr51/crtusb1286.o
__vector_20                                       /usr/lib/gcc/avr/4.5.0/../../../../avr/lib/avr51/crtusb1286.o
__vector_21                                       /usr/lib/gcc/avr/4.5.0/../../../../avr/lib/avr51/crtusb1286.o
__vector_22                                       /usr/lib/gcc/avr/4.5.0/../../../../avr/lib/avr51/crtusb1286.o
__vector_23                                       /usr/lib/gcc/avr/4.5.0/../../../../avr/lib/avr51/crtusb1286.o
__vector_24                                       /usr/lib/gcc/avr/4.5.0/../../../../avr/lib/avr51/crtusb1286.o
__vector_25                                       /usr/lib/gcc/avr/4.5.0/../../../../avr/lib/avr51/crtusb1286.o
__vector_26                                       /usr/lib/gcc/avr/4.5.0/../../../../avr/lib/avr51/crtusb1286.o
__vector_27                                       /usr/lib/gcc/avr/4.5.0/../../../../avr/lib/avr51/crtusb1286.o
__vector_28                                       /usr/lib/gcc/avr/4.5.0/../../../../avr/lib/avr51/crtusb1286.o
__vector_29                                       /usr/lib/gcc/avr/4.5.0/../../../../avr/lib/avr51/crtusb1286.o
__vector_3                                        /usr/lib/gcc/avr/4.5.0/../../../../avr/lib/avr51/crtusb1286.o
__vector_30                                       /usr/lib/gcc/avr/4.5.0/../../../../avr/lib/avr51/crtusb1286.o
__vector_31                                       /usr/lib/gcc/avr/4.5.0/../../../../avr/lib/avr51/crtusb1286.o
__vector_32                                       /usr/lib/gcc/avr/4.5.0/../../../../avr/lib/avr51/crtusb1286.o
__vector_33                                       /usr/lib/gcc/avr/4.5.0/../../../../avr/lib/avr51/crtusb1286.o
__vector_34                                       /usr/lib/gcc/avr/4.5.0/../../../../avr/lib/avr51/crtusb1286.o
__vector_35                                       /usr/lib/gcc/avr/4.5.0/../../../../avr/lib/avr51/crtusb1286.o
__vector_36                                       /usr/lib/gcc/avr/4.5.0/../../../../avr/lib/avr51/crtusb1286.o
__vector_37                                       /usr/lib/gcc/avr/4.5.0/../../../../avr/lib/avr51/crtusb1286.o
__vector_4                                        /usr/lib/gcc/avr/4.5.0/../../../../avr/lib/avr51/crtusb1286.o
__vector_5                                        /usr/lib/gcc/avr/4.5.0/../../../../avr/lib/avr51/crtusb1286.o
__vector_6                                        /usr/lib/gcc/avr/4.5.0/../../../../avr/lib/avr51/crtusb1286.o
__vector_7                                        /usr/lib/gcc/avr/4.5.0/../../../../avr/lib/avr51/crtusb1286.o
__vector_8                                        /usr/lib/gcc/avr/4.5.0/../../../../avr/lib/avr51/crtusb1286.o
__vector_9                                        /usr/lib/gcc/avr/4.5.0/../../../../avr/lib/avr51/crtusb1286.o
__vector_default                                  /usr/lib/gcc/avr/4.5.0/../../../../avr/lib/avr51/crtusb1286.o
__vectors                                         /usr/lib/gcc/avr/4.5.0/../../../../avr/lib/avr51/crtusb1286.o
_exit                                             /usr/lib/gcc/avr/4.5.0/avr51/libgcc.a(_exit.o)
clearArray                                        obj/leds.o
                                                  obj/wunder.o
column                                            obj/wunder.o
disk_initialize                                   obj/diskio.o
disk_ioctl                                        obj/diskio.o
disk_read                                         obj/diskio.o
disk_status                                       obj/diskio.o
disk_timerproc                                    obj/diskio.o
disk_write                                        obj/diskio.o
exit                                              /usr/lib/gcc/avr/4.5.0/avr51/libgcc.a(_exit.o)
                                                  /usr/lib/gcc/avr/4.5.0/../../../../avr/lib/avr51/crtusb1286.o
get_fattime                                       obj/diskio.o
initialize                                        obj/wunder.o
main                                              obj/wunder.o
                                                  /usr/lib/gcc/avr/4.5.0/../../../../avr/lib/avr51/crtusb1286.o
row                                               obj/wunder.o
set_array_blue                                    obj/leds.o
set_array_green                                   obj/leds.o
                                                  obj/wunder.o
set_array_red                                     obj/leds.o
                                                  obj/wunder.o
